// Jest Snapshot v1, https://goo.gl/fbAQLP

exports[`Button should render tab successfully 1`] = `
<body>
  <div>
    <div
      class="flex items-center gap-3 w-full"
    >
      <div
        class="tab tabActive"
      >
        <span>
          All
        </span>
      </div>
      <div
        class="tab"
      >
        <span>
          Favorites
        </span>
      </div>
    </div>
  </div>
</body>
`;
